// Jest Snapshot v1, https://goo.gl/fbAQLP

exports[`should render individual items of expenses with data 1`] = `
<div>
  <Link
    replace={false}
    to="/edit/1"
  >
    <p>
      Description : 
      Banana
    </p>
  </Link>
  <span>
    Created At : 
    December 29th, 1969
  </span>
  <p>
    Amount : 
    $109.50
  </p>
</div>
`;
