// Jest Snapshot v1, https://goo.gl/fbAQLP

exports[`should render individual items of expenses with data 1`] = `
<Link
  className="list-items"
  replace={false}
  to="/edit/1"
>
  <div
    className="item"
  >
    <p
      className="description"
    >
      Banana
    </p>
    <span
      className="date"
    >
      December 29th, 1969
    </span>
  </div>
  <div
    className="item"
  >
    <p
      className="amount"
    >
      $109.50
    </p>
  </div>
</Link>
`;
